Java HotSpot(TM) 64-Bit Server VM (25.161-b12) for windows-amd64 JRE (1.8.0_161-b12), built on Dec 19 2017 17:52:25 by "java_re" with MS VC++ 10.0 (VS2010)
Memory: 4k page, physical 12296520k(1949152k free), swap 31895320k(4127504k free)
CommandLine flags: -XX:GCLogFileSize=3145728 -XX:InitialHeapSize=1073741824 -XX:MaxHeapSize=1073741824 -XX:MaxMetaspaceSize=268435456 -XX:MetaspaceSize=100663296 -XX:NumberOfGCLogFiles=5 -XX:+PrintGC -XX:+PrintGCDateStamps -XX:+PrintGCDetails -XX:+PrintGCTimeStamps -XX:-TraceClassUnloading -XX:+UseCompressedClassPointers -XX:+UseCompressedOops -XX:+UseGCLogFileRotation -XX:-UseLargePagesIndividualAllocation -XX:+UseParallelGC 
2021-05-10T14:43:32.803+0800: 12.681: [GC (Allocation Failure) [PSYoungGen: 262144K->15922K(305664K)] 262144K->15938K(1005056K), 0.2018739 secs] [Times: user=0.01 sys=0.00, real=0.20 secs] 
2021-05-10T14:44:00.420+0800: 40.180: [GC (Allocation Failure) [PSYoungGen: 278066K->43513K(305664K)] 278082K->47133K(1005056K), 0.0529980 secs] [Times: user=0.14 sys=0.00, real=0.05 secs] 
2021-05-10T14:45:13.807+0800: 113.568: [GC (Allocation Failure) [PSYoungGen: 305657K->43502K(305664K)] 309277K->86001K(1005056K), 0.0890934 secs] [Times: user=0.28 sys=0.02, real=0.09 secs] 
2021-05-10T14:45:15.650+0800: 115.410: [GC (Allocation Failure) [PSYoungGen: 305646K->43518K(305664K)] 348145K->131898K(1005056K), 0.1128409 secs] [Times: user=0.28 sys=0.00, real=0.11 secs] 
2021-05-10T14:45:16.958+0800: 116.718: [GC (Allocation Failure) [PSYoungGen: 305662K->43502K(305664K)] 394042K->177626K(1005056K), 0.0984975 secs] [Times: user=0.22 sys=0.02, real=0.10 secs] 
2021-05-10T14:45:17.960+0800: 117.720: [GC (Allocation Failure) [PSYoungGen: 305646K->43518K(160256K)] 439770K->221090K(859648K), 0.0901386 secs] [Times: user=0.22 sys=0.00, real=0.09 secs] 
2021-05-10T14:45:18.374+0800: 118.134: [GC (Allocation Failure) [PSYoungGen: 160254K->49476K(232960K)] 337826K->242283K(932352K), 0.0634742 secs] [Times: user=0.22 sys=0.00, real=0.06 secs] 
2021-05-10T14:45:18.798+0800: 118.559: [GC (Allocation Failure) [PSYoungGen: 166212K->27592K(232960K)] 359019K->245894K(932352K), 0.0719977 secs] [Times: user=0.17 sys=0.03, real=0.07 secs] 
2021-05-10T14:45:19.266+0800: 119.026: [GC (Allocation Failure) [PSYoungGen: 144328K->33226K(232960K)] 362630K->253805K(932352K), 0.0366954 secs] [Times: user=0.14 sys=0.00, real=0.04 secs] 
2021-05-10T14:45:19.737+0800: 119.497: [GC (Allocation Failure) [PSYoungGen: 149962K->26207K(232960K)] 370541K->255604K(932352K), 0.0325367 secs] [Times: user=0.13 sys=0.02, real=0.03 secs] 
2021-05-10T14:45:20.072+0800: 119.833: [GC (Allocation Failure) [PSYoungGen: 142943K->17175K(232960K)] 372340K->255861K(932352K), 0.0259233 secs] [Times: user=0.08 sys=0.00, real=0.03 secs] 
2021-05-10T14:45:20.435+0800: 120.196: [GC (Allocation Failure) [PSYoungGen: 133911K->20007K(232960K)] 372597K->262327K(932352K), 0.0164634 secs] [Times: user=0.06 sys=0.00, real=0.02 secs] 
2021-05-10T14:45:20.905+0800: 120.665: [GC (Allocation Failure) [PSYoungGen: 136743K->20267K(232960K)] 379063K->268892K(932352K), 0.0240026 secs] [Times: user=0.06 sys=0.02, real=0.02 secs] 
2021-05-10T14:45:21.394+0800: 121.154: [GC (Allocation Failure) [PSYoungGen: 137003K->20069K(233984K)] 385628K->273369K(933376K), 0.0205704 secs] [Times: user=0.08 sys=0.00, real=0.02 secs] 
2021-05-10T14:45:21.861+0800: 121.622: [GC (Allocation Failure) [PSYoungGen: 137829K->18841K(232960K)] 391129K->276092K(932352K), 0.0172361 secs] [Times: user=0.05 sys=0.00, real=0.02 secs] 
2021-05-10T14:45:22.284+0800: 122.044: [GC (Allocation Failure) [PSYoungGen: 136601K->19441K(240640K)] 393852K->279985K(940032K), 0.0165073 secs] [Times: user=0.06 sys=0.00, real=0.02 secs] 
2021-05-10T14:45:22.694+0800: 122.454: [GC (Allocation Failure) [PSYoungGen: 147953K->23633K(237056K)] 408497K->287344K(936448K), 0.0194318 secs] [Times: user=0.02 sys=0.00, real=0.02 secs] 
2021-05-10T14:45:23.181+0800: 122.941: [GC (Allocation Failure) [PSYoungGen: 152145K->21824K(249344K)] 415856K->292235K(948736K), 0.0225677 secs] [Times: user=0.06 sys=0.00, real=0.02 secs] 
2021-05-10T14:45:23.705+0800: 123.465: [GC (Allocation Failure) [PSYoungGen: 167232K->25021K(245248K)] 437643K->299707K(944640K), 0.0216336 secs] [Times: user=0.08 sys=0.00, real=0.02 secs] 
2021-05-10T14:45:24.205+0800: 123.965: [GC (Allocation Failure) [PSYoungGen: 170429K->23190K(258560K)] 445115K->302504K(957952K), 0.0249103 secs] [Times: user=0.08 sys=0.00, real=0.03 secs] 
2021-05-10T14:45:24.678+0800: 124.438: [GC (Allocation Failure) [PSYoungGen: 186518K->29305K(253952K)] 465832K->312348K(953344K), 0.0250286 secs] [Times: user=0.06 sys=0.00, real=0.03 secs] 
2021-05-10T14:45:25.954+0800: 125.715: [GC (Allocation Failure) [PSYoungGen: 192633K->14352K(265728K)] 475676K->303718K(965120K), 0.0188868 secs] [Times: user=0.06 sys=0.01, real=0.02 secs] 
2021-05-10T14:45:27.587+0800: 127.347: [GC (Allocation Failure) [PSYoungGen: 194064K->3518K(263168K)] 483430K->298397K(962560K), 0.0093220 secs] [Times: user=0.00 sys=0.00, real=0.01 secs] 
